  0:00 ------------------------------------------------------------
  0:00 InitGame: \sv_allowdownload\0\g_matchmode\0\g_gametype\3\sv_maxclients\12\sv_floodprotect\1\g_warmup\15\capturelimit\0\sv_hostname\UrTBot Test Server\g_followstrict\1\fraglimit\0\timelimit\20\g_cahtime\60\g_swaproles\0\g_roundtime\3\g_bombexplodetime\40\g_bombdefusetime\0\g_hotpotato\2\g_waverespawns\0\g_redwave\15\g_bluewave\15\g_respawndelay\8\g_suddendeath\1\g_maxrounds\0\g_friendlyfire\1\g_allowvote\53687039\g_armbands\1\sv_dlURL\urbanterror.net\sv_maxPing\0\sv_minPing\0\sv_maxRate\0\sv_minRate\0\version\ioq3 1.35urt linux-i386 Jan 28 2009\dmflags\0\protocol\68\mapname\ut4_casa\sv_privateClients\0\ Admin\adminname\ Email\xxx@xxx.xxx\g_maxGameClients\0\g_deadchat\1\g_gear\0\g_survivorrule\0\gamename\q3ut4\g_needpass\0\g_enableDust\0\g_enableBreath\0\g_antilagvis\0\g_survivor\0\g_enablePrecip\0\g_modversion\4.1
  0:00 Warmup:
 0:14 ClientConnect: 0
 0:14 ClientUserinfo: 0 \ip\50.129.181.178:27960\challenge\-1493759559\qport\639\protocol\68\name\Prof.Spaz*\rate\25000\cg_predictitems\0\snaps\20\model\sarge\headmodel\sarge\team_model\james\team_headmodel\*james\color1\4\color2\5\handicap\1111638594\sex\male\cl_anonymous\0\teamtask\0\cl_guid\0026BCD2E47CF357499697F35961C92
 0:14 ClientUserinfoChanged: 0 n\Prof.Spaz*\t\3\r\2\tl\0\f0\\f1\\f2\\a0\255\a1\255\a2\255
 0:52 ClientUserinfo: 0 \ip\50.129.181.178:27960\handicap\00\name\Prof.Spaz*\racered\1\raceblue\1\rate\25000\ut_timenudge\30\cg_rgb\0 255 0\funred\phat\funblue\phat\cg_predictitems\0\cg_physics\1\snaps\20\model\sarge\headmodel\sarge\team_model\james\team_headmodel\*james\color1\4\color2\5\sex\male\cl_anonymous\0\gear\GLAOVWA\teamtask\0\cl_guid\0026BCD2E47CF357499697F35961C92\weapmodes\00000111220000020002
 0:52 ClientUserinfoChanged: 0 n\Prof.Spaz*\t\3\r\1\tl\0\f0\\f1\\f2\\a0\255\a1\255\a2\255
 0:52 ClientBegin: 0
 1:12 ClientDisconnect: 0